13:11:45 [12/352] #2 15  split screen with four different scenes playing at the same time
13:11:51 [13/352] #2 15  long dolly shot along a factory assembly line past many workers
13:12:00 [14/352] #2 15  handheld camera following children running through a playground
13:12:07 [15/352] #2 15  view from a moving streetcar window, shops and people passing continuously
13:12:13 [16/352] #2 15  camera floating down a hotel corridor into a crowded lobby
13:12:22 [17/352] #3 15  time-lapse clouds racing over mountains reflected in a still lake
13:12:30 [18/352] #3 15  double exposure superimposition of city traffic over a crowd of faces
13:12:39 [19/352] #3 15  microscope view of cells dividing, black and white laboratory film
13:12:45 [20/352] #3 15  x-ray film of a human skeleton moving, joints bending
13:12:52 [21/352] #3 15  rows of identical babies in hospital cribs seen from above
13:12:59 [22/352] #3 15  photographic negative of a crowd walking in slow motion
13:13:04 [23/352] #3 15  abstract animated grid lines forming a spiral, black background
13:13:09 [24/352] #3 15  stormy ocean waves in extreme slow motion, grainy film
13:13:14 [25/352] #4 15  extreme close-up of a young woman's eyes, tears welling, black and white
13:13:20 [26/352] #4 15  close-up of an old man's weathered face staring off frame in wonder
13:13:27 [27/352] #4 15  child's face in close-up watching something intently, mouth open
13:13:32 [28/352] #4 15  close-up of a woman's face lit from one side against darkness, silent film
13:13:39 [29/352] #4 15  extreme close-up of a worker's sweating face in a steel mill glow
13:13:43 [30/352] #4 15  close-up of a crying baby's face
13:13:49 [31/352] #4 15  close-up of a dog's face looking up, ears alert
13:13:55 [32/352] #4 15  cartoon close-up of a character's face changing from fear to anger
13:14:00 [33/352] #5 15  crowd of faces in a stadium all cheering at once, pan across the stands
13:14:06 [34/352] #5 15  panicked crowd running down a wide staircase toward the camera
13:14:12 [35/352] #5 15  hundreds of factory workers streaming out of the gates at shift change
13:14:19 [36/352] #5 15  flock of sheep packed tightly moving through a narrow lane
13:14:26 [37/352] #5 15  audience of children laughing together in a dark theatre
13:14:31 [38/352] #5 15  cartoon swarm of identical little characters marching in rows
13:14:37 [39/352] #5 15  row of mourners' faces at a funeral, slow pan along the line
13:14:46 [40/352] #5 15  school of fish or swarm of bees moving as one mass
13:14:52 [41/352] #6 15  empty rain-soaked city street at night, reflections on wet pavement, no people
13:14:57 [42/352] #6 15  thick fog over an empty field, bare trees fading into grey
13:15:03 [43/352] #6 15  abandoned warehouse interior with broken windows and shafts of light
13:15:09 [44/352] #6 15  bombed-out ruins of city buildings, rubble, no people
13:15:15 [45/352] #6 15  heat haze shimmering over an empty desert road
13:15:21 [46/352] #6 15  smoke rising from a charcoal kiln in a forest clearing
13:15:26 [47/352] #6 15  empty railway platform at dawn under a large station roof
13:15:31 [48/352] #6 15  lens flare of sun through clouds over an empty sea
13:15:37 [49/352] #7 15  man greedily devouring food with his hands at a table, close shot
13:15:45 [50/352] #7 15  person crawling on hands and knees across a floor like an animal
13:15:52 [51/352] #7 15  hands frantically grabbing gold coins spilling from a sack
13:15:58 [52/352] #7 15  lion tearing at a carcass, blood on its muzzle
13:16:05 [53/352] #7 15  two men brawling in the dirt, rolling and clawing at each other
13:16:13 [54/352] #7 15  starving crowd surging to grab bread thrown from a truck
13:16:19 [55/352] #7 15  mad scientist in a white lab coat leaning over a strapped patient
13:16:25 [56/352] #7 15  cartoon character with wild eyes lunging at food
13:16:30 [57/352] #8 15  close-up of a hand holding a small carved wooden idol or charm
13:16:36 [58/352] #8 15  rabbit's foot good-luck charm dangling on a chain, close-up
13:16:43 [59/352] #8 15  ornate locket opened in a palm, lit against a dark background
13:16:50 [60/352] #8 15  museum relic in a glass case, spotlight, reliquary
13:16:55 [61/352] #8 15  close-up of a single woman's shoe on a floor
13:17:01 [62/352] #8 15  raw haunch of meat hanging on a hook, butcher shop
13:17:06 [63/352] #8 15  silhouette shadow puppet figures handing over a staff
13:17:11 [64/352] #8 15  stone statue of a god in a shadowy alcove with candles
13:17:16 [65/352] #9 15  path through a dark forest at night lit by a string of hanging lamps
13:17:23 [66/352] #9 15  vast salt flat desert with a lone figure collapsing under the sun
13:17:29 [67/352] #9 15  swamp with dead trees and mist rising from black water
13:17:35 [68/352] #9 15  old isolated farmhouse on a hill under storm clouds
13:17:39 [69/352] #9 15  damp stone tunnel receding into darkness, lamp light
13:17:43 [70/352] #9 15  bonfire burning in a clearing at night with silhouettes watching
13:17:48 [71/352] #9 15  girls in white dresses walking through tall trees in a walled park
13:17:53 [72/352] #9 15  jungle vines and giant roots swallowing ruined stone walls
13:17:58 [73/352] #10 15  detective with a flashlight searching a dark abandoned building
13:18:02 [74/352] #10 15  hand lifting a sheet to reveal what lies underneath
13:18:07 [75/352] #10 15  woman alone dancing in a tall grass meadow, mountains behind
13:18:13 [76/352] #10 15  man seen from behind leaning over a ship's rail, shoulders heaving
13:18:17 [77/352] #10 15  lights of a passing train flickering across a woman's waiting face
13:18:21 [78/352] #10 15  magnifying glass held over footprints in mud
13:18:25 [79/352] #10 15  door slowly opened onto a dim room, figure peering in
13:18:30 [80/352] #10 15  investigators examining evidence laid out on a table under a lamp
13:18:34 [81/352] #11 15  man slowly pulling on black leather gloves, close-up of hands
13:18:40 [82/352] #11 15  couple embracing where the hug could be a struggle, tight framing
13:18:45 [83/352] #11 15  person standing at a fork in a country road, two paths diverging
13:18:50 [84/352] #11 15  hallway with two identical closed doors, figure hesitating between them
13:18:55 [85/352] #11 15  policeman in a cowboy hat smiling politely at a doorway, small town
13:19:01 [86/352] #11 15  mirror reflection showing a second view of the same person
13:19:06 [87/352] #11 15  hand hovering between two telephones or two buttons
13:19:11 [88/352] #11 15  silhouetted figures behind a frosted glass door, gestures unclear
13:19:15 [89/352] #12 15  High overhead view of a busy intersection with cars and pedestrians crossing in many directions
13:19:20 [90/352] #12 15  Crowded restaurant kitchen with cooks and dishwashers each working at separate stations
13:19:25 [91/352] #12 15  Police officer questioning people on a neighborhood sidewalk, black and white
13:19:29 [92/352] #12 15  Apartment building facade at night with different people visible in separate lit windows
13:19:34 [93/352] #12 15  Crowded open-air street market, wide shot, vendors and shoppers doing different things
13:19:39 [94/352] #12 15  Aerial view of a railway junction with tracks branching off in several directions
13:19:43 [95/352] #12 15  Close-up of ants moving along several crossing trails on bare ground
13:19:47 [96/352] #12 15  Animated map with several dotted lines tracing separate routes across a country
13:19:51 [97/352] #13 15  Lecturer drawing a pyramid diagram on a classroom blackboard, students at desks, black and white
13:19:56 [98/352] #13 15  Extreme wide shot of an industrial town with rows of houses and factory smokestacks
13:20:01 [99/352] #13 15  Hunter in furs on a vast flat snow and ice field, wide shot, black and white
13:20:06 [100/352] #13 15  Workers streaming out through factory gates at shift change, high angle
13:20:11 [101/352] #13 15  Concrete wall and guard tower dividing a city street, wide shot
13:20:15 [102/352] #13 15  Rider on horseback dwarfed by desert mesas under a huge sky
13:20:20 [103/352] #13 15  Farming village in a valley seen from a hillside, wide establishing shot
13:20:25 [104/352] #13 15  Aerial view of housing blocks and roads stretching to the horizon
13:20:30 [105/352] #14 15  Woman in a swimsuit posing on a car on an empty factory floor
13:20:35 [106/352] #14 15  Manager looking down through a glass-walled office window over a factory floor
13:20:39 [107/352] #14 15  Striking women workers holding placards outside factory gates, black and white
13:20:43 [108/352] #14 15  Rows of women operating sewing machines in a factory workroom
13:20:48 [109/352] #14 15  Two boxers facing off in the ring, medium shot
13:20:52 [110/352] #14 15  Two rams butting heads on a rocky hillside
13:20:57 [111/352] #14 15  Tug of war between two teams on a grass field
13:21:01 [112/352] #14 15  Cartoon cat and dog squaring off nose to nose before a fight
13:21:06 [113/352] #15 15  Teenage girl dancing alone in an empty room with peeling wallpaper
13:21:10 [114/352] #15 15  Thin horse tethered on a chain in a field beside caravans
13:21:14 [115/352] #15 15  Close-up of a record spinning on a turntable
13:21:18 [116/352] #15 15  Girl standing alone at the foot of tall public housing tower blocks
13:21:22 [117/352] #15 15  Woman holding a child's shoe against her chest, close-up
13:21:26 [118/352] #15 15  Man sitting on a bed staring at a photograph in his hands
13:21:31 [119/352] #15 15  Giant reptile monster towering over a burning miniature city
13:21:36 [120/352] #15 15  Dock worker with a grim sweating face in close-up, black and white
13:21:40 [121/352] #16 15  Many watermelons floating in a slow muddy river
13:21:46 [122/352] #16 15  Woman eating a slice of watermelon, close-up
13:21:50 [123/352] #16 15  Chorus line of dancers with umbrellas in a colorful musical number
13:21:54 [124/352] #16 15  Cattle being slaughtered in a stockyard, black and white
13:21:58 [125/352] #16 15  Dry cracked mud of an empty reservoir bed during a drought
13:22:03 [126/352] #16 15  Close-up of sand running through an hourglass
13:22:07 [127/352] #16 15  Chess pieces knocked over on a chessboard, close-up
13:22:11 [128/352] #16 15  Time-lapse of a flower wilting and drooping in a vase
13:22:15 [129/352] #17 15  Cartoon hero sword-fighting a villain at the top of a tall staircase
13:22:19 [130/352] #17 15  Rock band playing on stage in a crowded warehouse
13:22:24 [131/352] #17 15  Puppet show with two puppets fighting in front of an audience of children
13:22:28 [132/352] #17 15  Officers moving toy soldiers across a sand-table battle model
13:22:33 [133/352] #17 15  Children in costumes acting out a sword fight on a small school stage
13:22:38 [134/352] #17 15  Civil defense drill with volunteers pretending to be injured on stretchers
13:22:42 [135/352] #17 15  Soldiers storming a mock village during a training exercise
13:22:46 [136/352] #17 15  Two fencers lunging at each other in a gymnasium, black and white
13:22:53 [137/352] #18 15  Television set displaying an image of a television set
13:22:58 [138/352] #18 15  Two facing mirrors making an endless corridor of reflections
13:23:03 [139/352] #18 15  Camera tracking down the aisle of a train carriage past seated passengers
13:23:07 [140/352] #18 15  Pilot in a helicopter cockpit, close interior shot
13:23:11 [141/352] #18 15  Projector beam in a dark theater, audience watching a film on screen
13:23:16 [142/352] #18 15  Cameraman filming another cameraman who is filming him
13:23:21 [143/352] #18 15  Model railway with a miniature train passing through a tiny town
13:23:25 [144/352] #18 15  Artist at an easel painting the room he is sitting in
13:23:30 [145/352] #19 15  Man sitting cross-legged on the floor holding a rifle, speaking into the camera
13:23:34 [146/352] #19 15  Explosion in a field scattering a flock of sheep
13:23:38 [147/352] #19 15  Soldiers firing a shoulder rocket launcher with a big backblast of smoke
13:23:42 [148/352] #19 15  Massed troops goose-stepping past a huge rally stand, black and white
13:23:46 [149/352] #19 15  Men hauling a large boat up a steep jungle hillside with ropes
13:23:52 [150/352] #19 15  Inventor's homemade flying machine collapsing on takeoff
13:23:56 [151/352] #19 15  Lone preacher shouting on a soapbox to an indifferent street crowd
13:24:00 [152/352] #19 15  Daredevil going over a waterfall in a barrel
13:24:05 [153/352] #20 15  Three young men sitting idle at a cafe table beside a fountain
13:24:09 [154/352] #20 15  Man standing on a hilltop looking out over a sprawling city
13:24:14 [155/352] #20 15  Laborers riding in the open back of a truck along a highway
13:24:18 [156/352] #20 15  Tiny figure walking toward the horizon across an empty plain, extreme wide shot
13:24:22 [157/352] #20 15  Lone man wandering an empty city street at dusk
13:24:26 [158/352] #20 15  Small rowboat dwarfed by huge ocean waves
13:24:30 [159/352] #20 15  Tramp sitting on a park bench feeding pigeons
13:24:34 [160/352] #20 15  Close-up of a beetle stuck on its back struggling on the ground
13:24:37 [161/352] #21 15  Sunlight shining through white net curtains over a large window
13:24:42 [162/352] #21 15  Man being interviewed across an office desk by a manager taking notes
13:24:46 [163/352] #21 15  Motorcycle headlight moving through a narrow whitewashed alley at night
13:24:51 [164/352] #21 15  Dead leaves floating on the surface of an empty hotel swimming pool
13:24:55 [165/352] #21 15  Couple eating dinner at home while watching television
13:24:59 [166/352] #21 15  Attendant skimming a swimming pool with a long net
13:25:03 [167/352] #21 15  Woman hanging laundry on a clothesline in a backyard
13:25:07 [168/352] #21 15  Commuters waiting at a bus stop in the early morning
13:25:11 [169/352] #22 15  Crop duster plane spraying chemicals over a forest canopy
13:25:14 [170/352] #22 15  People wearing gas masks walking through dense jungle
13:25:18 [171/352] #22 15  Tall barrier wall stretching across a desert landscape
13:25:22 [172/352] #22 15  Ancient stone pyramid temple overgrown by jungle
13:25:26 [173/352] #22 15  Abandoned village houses overgrown with vines and vegetation
13:25:29 [174/352] #22 15  Two octopuses entwining their tentacles underwater
13:25:33 [175/352] #22 15  Refugees carrying bundles walking along a road out of town
13:25:36 [176/352] #22 15  Hunter and wild animal facing each other in a forest clearing
13:25:40 [177/352] #23 15  three strangers walking off in different directions across a city intersection, high angle, black and white
13:25:43 [178/352] #23 15  police patrol car parked on a night street under a streetlight, lone officer at the wheel
13:25:47 [179/352] #23 15  housing project courtyard, residents passing each other without looking, wide shot
13:25:51 [180/352] #23 15  man climbing alone up a long concrete tenement stairwell, shot from above
13:25:56 [181/352] #23 15  pair of dice tumbling across a green felt table, close up
13:26:00 [182/352] #23 15  hands trying to fit scattered jigsaw puzzle pieces on a table, overhead close up
13:26:04 [183/352] #23 15  split screen of different people talking on telephones in separate rooms
13:26:09 [184/352] #23 15  commuters crisscrossing a railway station concourse in many directions, overhead shot
13:26:12 [185/352] #24 15  terraced rice paddies on a steep mountainside, farmers bent over working, wide shot
13:26:16 [186/352] #24 15  shantytown of tin shacks beside a river, children walking a muddy path
13:26:20 [187/352] #24 15  day laborer shoveling rubble at a demolition site, dust hanging in the air
13:26:24 [188/352] #24 15  armored security truck at curb, uniformed guards carrying money bags into a bank
13:26:27 [189/352] #24 15  key pressed into a bar of soap leaving an imprint, extreme close up
13:26:31 [190/352] #24 15  hedge maze seen from above with a small figure lost inside
13:26:35 [191/352] #24 15  empty vacant lot in fog with scattered debris and no people, static wide shot
13:26:39 [192/352] #24 15  blackboard crowded with equations and question marks, teacher pointing, black and white
13:26:44 [193/352] #25 15  sleeping man in bed with dream images superimposed above his head, double exposure, black and white
13:26:47 [194/352] #25 15  extreme close up of an eye opening, camera slowly pulling back to reveal the face
13:26:51 [195/352] #25 15  kaleidoscope trick effect of multiplied faces rotating, silent film
13:26:55 [196/352] #25 15  woman floating among stars in black space, early trick photography
13:26:59 [197/352] #25 15  face warped by rippling wavy-glass distortion effect
13:27:02 [198/352] #25 15  girl falling down a long tunnel past floating furniture, silent film
13:27:06 [199/352] #25 15  man strapped to an operating table under large machinery and bright lights, science fiction set
13:27:12 [200/352] #25 15  cartoon character asleep in bed with fantasy scene in a thought bubble above
13:27:17 [201/352] #26 15  man dozing off on a sofa, book slipping from his hand onto the floor
13:27:21 [202/352] #26 15  coffee cup set down on a diner counter, waitress behind it, close up
13:27:24 [203/352] #26 15  driver's hand at car dashboard cigarette lighter at night, close up
13:27:28 [204/352] #26 15  gaunt worker at a lathe in a dim machine shop, sparks flying
13:27:32 [205/352] #26 15  dark kitchen at night, refrigerator door with paper notes stuck on it
13:27:35 [206/352] #26 15  man staring blankly out a rain-streaked window in a dim room
13:27:39 [207/352] #26 15  person on hands and knees scrubbing a bathroom tile floor
13:27:42 [208/352] #26 15  lone figure standing motionless on a deserted foggy street at dawn
13:27:45 [209/352] #27 15  spinning top whirling on a wooden kitchen table, close up
13:27:49 [210/352] #27 15  chorus line of dancers kicking in unison on a stage, wide shot
13:27:53 [211/352] #27 15  man dancing down a street as passersby fall into step with him
13:27:57 [212/352] #27 15  small children dressed in adult suits and hats staging a mock wedding
13:28:01 [213/352] #27 15  city street tilting as the camera rotates until buildings turn sideways
13:28:05 [214/352] #27 15  cartoon where trees, houses and lampposts dance to music
13:28:08 [215/352] #27 15  overhead kaleidoscope formation of synchronized swimmers in a pool
13:28:12 [216/352] #27 15  carousel turning at night with blurred lights and riders going round
13:28:17 [217/352] #28 15  old man in armchair gazing into the distance, slow dissolve into a younger scene
13:28:20 [218/352] #28 15  hand pushing open an old wooden door into a dark room, silhouetted figure entering
13:28:24 [219/352] #28 15  gaunt old prisoner behind a small window of bent iron bars
13:28:27 [220/352] #28 15  man at a typewriter at night under a lamp, pausing and looking up
13:28:31 [221/352] #28 15  hand holding a faded family photograph, extreme close up
13:28:35 [222/352] #28 15  courtroom with judge on bench and defendant standing, black and white
13:28:40 [223/352] #28 15  retiring clerk emptying his office desk into a cardboard box
13:28:45 [224/352] #28 15  wedding party in hazy soft focus and overexposed glow, dreamlike memory
13:28:49 [225/352] #29 15  woman standing alone on a dusty rural dirt road, waiting, wide shot
13:28:53 [226/352] #29 15  crowded old bus jolting along a dirt track, passengers seen inside
13:28:57 [227/352] #29 15  workers picking coffee berries on a hillside plantation
13:29:01 [228/352] #29 15  army trucks full of soldiers withdrawing down a country road
13:29:04 [229/352] #29 15  flashlight beam sweeping a bare concrete room at night
13:29:07 [230/352] #29 15  woman washing her hands in a basin as the water darkens, close up
13:29:11 [231/352] #29 15  colonial villa with white-columned veranda, servants carrying trays
13:29:15 [232/352] #29 15  armed teenage boys walking single file through tall grass
13:29:19 [233/352] #30 15  woman at a mirror, her reflection repeated to infinity in facing mirrors
13:29:24 [234/352] #30 15  double exposure of the same man appearing twice in one room
13:29:28 [235/352] #30 15  large ocean liner emerging out of thick sea fog, wide shot
13:29:32 [236/352] #30 15  survivors clinging to a capsized sailboat hull in rough water
13:29:36 [237/352] #30 15  sailboat on a calm sunny sea, people sunbathing on deck
13:29:40 [238/352] #30 15  empty ballroom with chandeliers and overturned chairs
13:29:44 [239/352] #30 15  woman lying washed up on a beach at dawn, waves at her feet
13:29:48 [240/352] #30 15  footpath forking into two trails through a forest, seen from above
13:29:52 [241/352] #31 15  list of words chalked on a school blackboard, some crossed out
13:29:55 [242/352] #31 15  detectives examining a crime scene, body under a sheet on the floor
13:29:59 [243/352] #31 15  fingerprint card studied under a magnifying glass, close up
13:30:03 [244/352] #31 15  single word scrawled in paint on a wall, close up
13:30:06 [245/352] #31 15  row of identical suburban houses along a street, repeating to the horizon
13:30:10 [246/352] #31 15  identical bottles moving along a factory conveyor belt
13:30:14 [247/352] #31 15  lighter, flashlight and telephone laid out side by side on a table
13:30:18 [248/352] #31 15  calendar pages tearing off one by one as clock hands advance
13:30:21 [249/352] #32 15  column of marching soldiers with one man out of step
13:30:25 [250/352] #32 15  flock of white sheep with a single black sheep in the middle
13:30:29 [251/352] #32 15  row of windmills in a field, one stopped while the others turn
13:30:33 [252/352] #32 15  small crop-dusting plane flying low over an empty field toward a man on the road
13:30:37 [253/352] #32 15  snake crawling across a wooden floorboard, close up
13:30:40 [254/352] #32 15  wall of framed portraits in a row with one frame empty
13:30:45 [255/352] #32 15  blue police telephone box standing alone in an open field
13:30:49 [256/352] #32 15  row of identical mannequins with one real person standing still among them
13:30:53 [257/352] #33 15  face lit only by a cigarette lighter flame in total darkness, extreme close up
13:30:57 [258/352] #33 15  plain wooden coffin lowered into a grave on ropes
13:31:00 [259/352] #33 15  brown paper package on a train compartment luggage rack, passengers below
13:31:04 [260/352] #33 15  hand gripping a telephone receiver in a dark room, close up
13:31:07 [261/352] #33 15  snake emerging from a hole in the earth, close up
13:31:11 [262/352] #33 15  pair of handcuffs lying on a table under a lamp, close up
13:31:14 [263/352] #33 15  key held up in a hand, dramatic side lighting, close up
13:31:18 [264/352] #33 15  flashlight beam in a cramped wooden box, dirty hands in the light
13:31:21 [265/352] #34 15  driftwood rolling in shallow surf on grey wet sand, static camera, no people
13:31:25 [266/352] #34 15  static shot of seaside promenade with railings, strollers and joggers crossing frame, sea behind
13:31:29 [267/352] #34 15  dogs lying on a distant beach in overexposed hazy morning light
13:31:33 [268/352] #34 15  full moon reflected on dark rippling water at night
13:31:36 [269/352] #34 15  large flock of ducks waddling across a dirt path past the camera
13:31:40 [270/352] #34 15  empty city street corner at dawn, no people, black and white
13:31:44 [271/352] #34 15  woman standing still watching factory workers at machines, black and white
13:31:47 [272/352] #34 15  rain falling into puddles in an empty courtyard, fixed camera
13:31:51 [273/352] #35 15  woman looking at her reflection in a dark subway train window at night
13:31:55 [274/352] #35 15  ballet dancers practicing at the barre in front of a mirrored studio wall
13:31:58 [275/352] #35 15  theatre dressing room with rows of lit mirrors, performers doing makeup
13:32:02 [276/352] #35 15  person multiplied in an amusement park hall of mirrors
13:32:05 [277/352] #35 15  man standing between two facing mirrors, endless repeated reflections
13:32:09 [278/352] #35 15  face stretched and distorted in a funhouse curved mirror
13:32:13 [279/352] #35 15  clouds and trees reflected upside down in a still lake
13:32:18 [280/352] #35 15  cracked broken mirror showing a fragmented face
13:32:23 [281/352] #36 15  people sitting on plastic chairs in a circle in a bare warehouse, rehearsal
13:32:27 [282/352] #36 15  lone actor in costume performing on stage to an empty theatre
13:32:32 [283/352] #36 15  actor in half-applied stage makeup backstage under a bare bulb
13:32:35 [284/352] #36 15  costumed players performing on a small curtained stage with painted backdrop
13:32:40 [285/352] #36 15  double exposure of a face superimposed over a city street
13:32:43 [286/352] #36 15  figure walking away and disappearing into thick fog
13:32:47 [287/352] #36 15  shadow play with performers silhouetted behind a lit translucent screen
13:32:51 [288/352] #36 15  shop window glass reflecting the street while showing people inside
13:32:55 [289/352] #37 15  hand shaking a snow globe with a tiny house inside, close-up
13:32:59 [290/352] #37 15  animated cartoon of farm animals and germs on a television screen
13:33:02 [291/352] #37 15  detailed miniature model of a city with tiny buildings, camera moving over
13:33:06 [292/352] #37 15  huge empty warehouse interior with stage sets under construction
13:33:09 [293/352] #37 15  crystals growing in a dish, macro time-lapse
13:33:13 [294/352] #37 15  painter working on a very small painting through a magnifying glass
13:33:17 [295/352] #37 15  bean seed sprouting and unfolding leaves, time-lapse
13:33:21 [296/352] #37 15  model sailing ship inside a glass bottle on a table
13:33:24 [297/352] #38 15  family sitting on a hotel bed watching television in a dim room
13:33:29 [298/352] #38 15  split screen showing two different scenes side by side
13:33:34 [299/352] #38 15  same person appearing twice in one frame, trick photography
13:33:38 [300/352] #38 15  translucent ghost figure superimposed at a family dinner table
13:33:42 [301/352] #38 15  formal geometric garden with motionless people casting long shadows
13:33:47 [302/352] #38 15  wall of clocks showing different times for world cities
13:33:51 [303/352] #38 15  animal eyes glowing in a dark forest at night
13:33:55 [304/352] #38 15  still photograph of uniformed soldiers standing guard over civilian prisoners
13:33:59 [305/352] #39 15  long tracking shot through ornate palace galleries with chandeliers and paintings
13:34:03 [306/352] #39 15  visitors wandering through gilded museum halls hung with old paintings
13:34:06 [307/352] #39 15  grand ballroom full of dancers in period costume, wide shot
13:34:10 [308/352] #39 15  vast storeroom crammed with crates, statues and antique furniture
13:34:14 [309/352] #39 15  hands sorting through a box of old family photographs
13:34:18 [310/352] #39 15  children in the back seat of a car seen from behind, parents in front
13:34:21 [311/352] #39 15  bombed-out city ruins after the war, camera panning slowly
13:34:25 [312/352] #39 15  flooded city street with water around old stone buildings
13:34:28 [313/352] #40 15  factory worker seated facing the camera speaking, machines behind him
13:34:33 [314/352] #40 15  old woman in a bare apartment speaking directly to the camera
13:34:37 [315/352] #40 15  tall factory chimney demolished and collapsing in dust
13:34:41 [316/352] #40 15  architect's scale model of new apartment towers on a table
13:34:45 [317/352] #40 15  artist copying a famous painting at an easel in a museum gallery
13:34:48 [318/352] #40 15  magician performing a card trick, close-up of hands
13:34:54 [319/352] #40 15  man being fitted with a false beard and wig by a makeup artist
13:34:58 [320/352] #40 15  rows of identical workers repeating the same motion on an assembly line
13:35:01 [321/352] #41 15  boy with a guitar case riding in an open freight train boxcar
13:35:06 [322/352] #41 15  folk singer with acoustic guitar and harmonica on a small stage
13:35:10 [323/352] #41 15  band playing electric guitars on stage in front of a crowd
13:35:14 [324/352] #41 15  old man on horseback riding slowly through a dry western valley
13:35:18 [325/352] #41 15  man asleep in an armchair, head nodding forward
13:35:21 [326/352] #41 15  woman peeling potatoes at a kitchen table, long static shot
13:35:26 [327/352] #41 15  tired worker yawning and stretching at the end of a shift
13:35:29 [328/352] #41 15  man slumped on a bench waiting in an empty train station
13:35:33 [329/352] #42 15  plainclothes man following a teenager along a city sidewalk, long shot
13:35:37 [330/352] #42 15  police officers standing in formation for inspection
13:35:41 [331/352] #42 15  official at a desk reading aloud from a large dictionary
13:35:45 [332/352] #42 15  hand drawing a plan with arrows on a whiteboard
13:35:49 [333/352] #42 15  carnival parade of masked and costumed figures in the street
13:35:53 [334/352] #42 15  mime with white painted face making exaggerated gestures
13:35:57 [335/352] #42 15  man eating dinner at a kitchen table while a record player plays
13:36:01 [336/352] #42 15  soldiers marching in step and saluting at a ceremony
13:36:05 [337/352] #43 15  overhead view of a floor plan drawn in white chalk on a black floor
13:36:08 [338/352] #43 15  bare sound stage with minimal set pieces under bright lights
13:36:12 [339/352] #43 15  laboratory rat running through a maze filmed from directly above
13:36:16 [340/352] #43 15  animated diagram of nerve cells firing signals in the brain
13:36:20 [341/352] #43 15  aerial view straight down on a small town street grid
13:36:25 [342/352] #43 15  hand pointing along a street map with names written on it
13:36:29 [343/352] #43 15  rotating spiral galaxy against black space
13:36:32 [344/352] #43 15  X-ray of a human skull held up to a light box
13:36:35 [345/352] #44 15  abstract pulsating coloured light patterns, kaleidoscope effect
13:36:39 [346/352] #44 15  overhead camera gliding above city streets at night with neon signs
13:36:43 [347/352] #44 15  jellyfish drifting in dark water
13:36:46 [348/352] #44 15  red dye spreading and diffusing in a glass of water, close-up
13:36:51 [349/352] #44 15  printed page of text filling the screen, camera moving along the lines
13:36:55 [350/352] #44 15  man splashing water on his face in a bathroom mirror
13:36:59 [351/352] #44 15  newborn baby being delivered in a hospital delivery room
13:37:03 [352/352] #44 15  flower opening in time-lapse, close-up of stamens
DONE
